============================================================
  Generated by:           Genus(TM) Synthesis Solution 21.14-s082_1
  Generated on:           Mar 30 2026  01:04:54 am
  Module:                 fp_adder_wrapper
  Operating conditions:   PVT_1P1V_0C (balanced_tree)
  Wireload mode:          enclosed
  Area mode:              timing library
============================================================


Path 1: MET (1669 ps) Setup Check with Pin RESULT_out_reg[2]/CK->D
          Group: CLOCK
     Startpoint: (R) B_reg_reg[29]/CK
          Clock: (R) clock
       Endpoint: (R) RESULT_out_reg[2]/D
          Clock: (R) clock

                     Capture       Launch     
        Clock Edge:+    5000            0     
       Src Latency:+     250          250     
       Net Latency:+     250 (I)      250 (I) 
           Arrival:=    5500          500     
                                              
             Setup:-      13                  
       Uncertainty:-     100                  
     Required Time:=    5387                  
      Launch Clock:-     500                  
         Data Path:-    3218                  
             Slack:=    1669                  

#--------------------------------------------------------------------------------------------------------------------
#              Timing Point               Flags    Arc   Edge     Cell      Fanout Load Trans Delay Arrival Instance 
#                                                                                  (fF)  (ps)  (ps)   (ps)  Location 
#--------------------------------------------------------------------------------------------------------------------
  B_reg_reg[29]/CK                        -       -      R     (arrival)        96    -    50     0     500    (-,-) 
  B_reg_reg[29]/Q                         -       CK->Q  F     DFFRHQX1LVT       5  1.7    10    48     548    (-,-) 
  uut/g15826__6783/Y                      -       A->Y   R     NOR4X1LVT         1  0.6    30    31     579    (-,-) 
  uut/g15823__8428/Y                      -       A->Y   F     NAND2X1LVT        7  2.1    27    23     602    (-,-) 
  uut/g15820__6260/Y                      -       B->Y   F     AND2XLLVT         3  1.1    11    17     619    (-,-) 
  uut/gte_18_29_g765__6417/Y              -       AN->Y  F     NOR2BX1LVT        2  0.8     8    16     635    (-,-) 
  uut/gte_18_29_g734__1666/Y              -       B->Y   F     AND2XLLVT         1  0.5     6    13     649    (-,-) 
  uut/gte_18_29_g733__2346/Y              -       A1->Y  R     OAI22X1LVT        1  0.5    24    15     664    (-,-) 
  uut/gte_18_29_g732__2883/Y              -       A1->Y  F     AOI22X1LVT        1  0.5    23    20     684    (-,-) 
  uut/gte_18_29_g731__9945/Y              -       A1->Y  R     OAI22X1LVT        1  0.5    26    19     703    (-,-) 
  uut/gte_18_29_g730__9315/Y              -       A1->Y  F     AOI22X1LVT        1  0.5    23    21     724    (-,-) 
  uut/gte_18_29_g729__6161/Y              -       A1->Y  R     OAI22X1LVT        1  0.5    26    19     744    (-,-) 
  uut/gte_18_29_g728__4733/Y              -       A1->Y  F     AOI22X1LVT        1  0.5    23    21     765    (-,-) 
  uut/gte_18_29_g727__7482/Y              -       A1->Y  R     OAI22X1LVT        1  0.5    26    19     784    (-,-) 
  uut/gte_18_29_g726__5115/Y              -       A1->Y  F     AOI22X1LVT        1  0.5    23    21     806    (-,-) 
  uut/gte_18_29_g725__1881/Y              -       A1->Y  R     OAI22X1LVT        1  0.5    26    19     825    (-,-) 
  uut/gte_18_29_g724__6131/Y              -       A1->Y  F     AOI22X1LVT        1  0.5    23    21     846    (-,-) 
  uut/gte_18_29_g723__7098/Y              -       A1->Y  R     OAI22X1LVT        1  0.5    26    19     865    (-,-) 
  uut/gte_18_29_g722__8246/Y              -       A1->Y  F     AOI22X1LVT        1  0.5    23    21     886    (-,-) 
  uut/gte_18_29_g721__5122/Y              -       A1->Y  R     OAI22X1LVT        1  0.5    26    19     906    (-,-) 
  uut/gte_18_29_g720__1705/Y              -       A1->Y  F     AOI22X1LVT        1  0.5    23    21     927    (-,-) 
  uut/gte_18_29_g719__2802/Y              -       A1->Y  R     OAI22X1LVT        1  0.5    26    19     946    (-,-) 
  uut/gte_18_29_g718__1617/Y              -       A1->Y  F     AOI22X1LVT        1  0.5    23    21     968    (-,-) 
  uut/gte_18_29_g717__3680/Y              -       A1->Y  R     OAI22X1LVT        1  0.5    26    19     987    (-,-) 
  uut/gte_18_29_g716__6783/Y              -       A1->Y  F     AOI22X1LVT        1  0.5    23    21    1008    (-,-) 
  uut/gte_18_29_g715__5526/Y              -       A1->Y  R     OAI22X1LVT        1  0.5    26    19    1027    (-,-) 
  uut/gte_18_29_g714__8428/Y              -       A1->Y  F     AOI22X1LVT        1  0.5    23    21    1048    (-,-) 
  uut/gte_18_29_g713__4319/Y              -       A1->Y  R     OAI22X1LVT        1  0.3    24    18    1067    (-,-) 
  uut/g24488/Y                            -       A1->Y  R     AO22XLLVT         1  0.5     8    28    1095    (-,-) 
  uut/gte_18_29_g710__5107/Y              -       A1->Y  F     AOI22X1LVT        1  0.5    20    16    1111    (-,-) 
  uut/gte_18_29_g709__2398/Y              -       A1->Y  R     OAI22X1LVT        1  0.5    26    19    1130    (-,-) 
  uut/gte_18_29_g708__5477/Y              -       A1->Y  F     AOI22X1LVT        1  0.5    23    21    1151    (-,-) 
  uut/gte_18_29_g707__6417/Y              -       A1->Y  R     OAI22X1LVT        1  0.5    26    19    1170    (-,-) 
  uut/gte_18_29_g706__7410/Y              -       A1->Y  F     AOI22X1LVT        1  0.5    23    21    1192    (-,-) 
  uut/gte_18_29_g705__1666/Y              -       A1->Y  R     OAI22X1LVT        1  0.5    26    19    1211    (-,-) 
  uut/gte_18_29_g704__2346/Y              -       A1->Y  F     AOI22X1LVT        1  0.5    23    21    1232    (-,-) 
  uut/gte_18_29_g703__2883/Y              -       A1->Y  R     OAI22X1LVT       18 11.7   141    83    1315    (-,-) 
  uut/g24485/Y                            -       S0->Y  F     MXI2XL            1  1.1    49    68    1383    (-,-) 
  uut/sub_26_29_g562__2883/CO             -       A->CO  F     ADDFX1LVT         1  0.8    10    40    1423    (-,-) 
  uut/sub_26_29_g561__9945/CO             -       CI->CO F     ADDFX1LVT         1  0.8    10    34    1458    (-,-) 
  uut/sub_26_29_g560__9315/CO             -       CI->CO F     ADDFX1LVT         1  0.8    10    34    1492    (-,-) 
  uut/sub_26_29_g559__6161/CO             -       CI->CO F     ADDFX1LVT         1  0.8    10    34    1526    (-,-) 
  uut/sub_26_29_g558__4733/CO             -       CI->CO F     ADDFX1LVT         1  0.8    10    34    1560    (-,-) 
  uut/sub_26_29_g557__7482/CO             -       CI->CO F     ADDFX1LVT         1  0.6     9    34    1593    (-,-) 
  uut/sub_26_29_g556__5115/Y              -       B->Y   F     XOR2XLLVT         1  0.4     6    18    1612    (-,-) 
  uut/g18343__5526/Y                      -       C->Y   R     NOR3X1LVT         2  0.8    23    15    1627    (-,-) 
  uut/g18327__4733/Y                      -       B->Y   F     NAND2BX1LVT       6  2.6    31    24    1650    (-,-) 
  uut/g18325__7482/Y                      -       B0->Y  R     OAI2BB1X1LVT      3  1.3    16    16    1666    (-,-) 
  uut/g18324/Y                            -       A->Y   F     INVXLLVT          2  1.0    11    11    1678    (-,-) 
  uut/g18318__7098/Y                      -       B->Y   R     NOR2X1LVT        15  7.3    80    49    1727    (-,-) 
  uut/g18292/Y                            -       A->Y   F     INVX1LVT         15  6.3    47    38    1765    (-,-) 
  uut/g18216__9945/Y                      -       B0->Y  R     AOI22X1LVT        2  0.6    26    26    1790    (-,-) 
  uut/g18193__6417/Y                      -       A->Y   R     MX2XLLVT          2  0.9    11    27    1817    (-,-) 
  uut/g18173__1617/Y                      -       A1->Y  F     OAI22X1LVT        2  0.8    26    18    1835    (-,-) 
  uut/g18157__9315/Y                      -       B1->Y  R     AOI32X1LVT        1  0.5    25    20    1855    (-,-) 
  uut/g18153__5115/Y                      -       C0->Y  F     OAI221X1LVT       1  0.6    31    28    1882    (-,-) 
  uut/sub_33_43_Y_add_33_73_g873__8246/Y  -       S0->Y  R     MXI2XLLVT         2  1.0    31    24    1906    (-,-) 
  uut/sub_33_43_Y_add_33_73_g859__6417/Y  -       AN->Y  R     NAND2BX1LVT       2  1.2    12    18    1924    (-,-) 
  uut/sub_33_43_Y_add_33_73_g857__1666/Y  -       B->Y   F     NOR2BX1LVT        1  0.8     9     8    1933    (-,-) 
  uut/sub_33_43_Y_add_33_73_g855__2883/CO -       CI->CO F     ADDFX1LVT         1  0.8    10    34    1967    (-,-) 
  uut/sub_33_43_Y_add_33_73_g854__9945/CO -       CI->CO F     ADDFX1LVT         1  0.8    10    34    2001    (-,-) 
  uut/sub_33_43_Y_add_33_73_g853__9315/CO -       CI->CO F     ADDFX1LVT         1  0.8    10    34    2035    (-,-) 
  uut/sub_33_43_Y_add_33_73_g852__6161/CO -       CI->CO F     ADDFX1LVT         1  0.8    10    34    2069    (-,-) 
  uut/sub_33_43_Y_add_33_73_g851__4733/CO -       CI->CO F     ADDFX1LVT         1  0.8    10    34    2103    (-,-) 
  uut/sub_33_43_Y_add_33_73_g850__7482/CO -       CI->CO F     ADDFX1LVT         1  0.8    10    34    2137    (-,-) 
  uut/sub_33_43_Y_add_33_73_g849__5115/CO -       CI->CO F     ADDFX1LVT         1  0.8    10    34    2171    (-,-) 
  uut/sub_33_43_Y_add_33_73_g848__1881/CO -       CI->CO F     ADDFX1LVT         1  0.8    10    34    2205    (-,-) 
  uut/sub_33_43_Y_add_33_73_g847__6131/CO -       CI->CO F     ADDFX1LVT         1  0.8    10    34    2239    (-,-) 
  uut/sub_33_43_Y_add_33_73_g846__7098/CO -       CI->CO F     ADDFX1LVT         1  0.8    10    34    2274    (-,-) 
  uut/sub_33_43_Y_add_33_73_g845__8246/CO -       CI->CO F     ADDFX1LVT         1  0.8    10    34    2308    (-,-) 
  uut/sub_33_43_Y_add_33_73_g844__5122/CO -       CI->CO F     ADDFX1LVT         1  0.8    10    34    2342    (-,-) 
  uut/sub_33_43_Y_add_33_73_g843__1705/CO -       CI->CO F     ADDFX1LVT         1  0.8    10    34    2376    (-,-) 
  uut/sub_33_43_Y_add_33_73_g842__2802/CO -       CI->CO F     ADDFX1LVT         1  0.8    10    34    2410    (-,-) 
  uut/sub_33_43_Y_add_33_73_g841__1617/CO -       CI->CO F     ADDFX1LVT         1  0.8    10    34    2444    (-,-) 
  uut/sub_33_43_Y_add_33_73_g840__3680/CO -       CI->CO F     ADDFX1LVT         1  0.8    10    34    2478    (-,-) 
  uut/sub_33_43_Y_add_33_73_g839__6783/CO -       CI->CO F     ADDFX1LVT         1  0.8    10    34    2512    (-,-) 
  uut/sub_33_43_Y_add_33_73_g838__5526/CO -       CI->CO F     ADDFX1LVT         1  0.8    10    34    2546    (-,-) 
  uut/sub_33_43_Y_add_33_73_g837__8428/CO -       CI->CO F     ADDFX1LVT         1  0.8    10    34    2580    (-,-) 
  uut/sub_33_43_Y_add_33_73_g836__4319/CO -       CI->CO F     ADDFX1LVT         1  0.8    10    34    2614    (-,-) 
  uut/sub_33_43_Y_add_33_73_g835__6260/CO -       CI->CO F     ADDFX1LVT         1  0.8    10    34    2649    (-,-) 
  uut/sub_33_43_Y_add_33_73_g834__5107/CO -       CI->CO F     ADDFX1LVT         1  0.8    10    34    2683    (-,-) 
  uut/sub_33_43_Y_add_33_73_g833__2398/CO -       CI->CO F     ADDFX1LVT         1  0.8    10    34    2717    (-,-) 
  uut/sub_33_43_Y_add_33_73_g832__5477/CO -       CI->CO F     ADDFX1LVT         1  0.6     9    34    2750    (-,-) 
  uut/sub_33_43_Y_add_33_73_g831__6417/Y  -       S0->Y  F     MX2X1LVT         15  6.6    36    40    2791    (-,-) 
  uut/drc_buf_sp24454/Y                   -       A->Y   F     BUFX2            12  5.9    25    37    2828    (-,-) 
  uut/g24368/Y                            -       A->Y   R     INVXLLVT          4  2.2    26    21    2848    (-,-) 
  uut/g24286__6417/Y                      -       B->Y   F     NAND2X1LVT       11  5.1    53    37    2885    (-,-) 
  uut/g24274/Y                            -       A->Y   R     INVX1LVT         13  5.5    41    32    2917    (-,-) 
  uut/g24085__5122/Y                      -       A1->Y  F     AOI222X1LVT       1  0.5    36    31    2948    (-,-) 
  uut/g24001__6131/Y                      -       C0->Y  R     OAI211X1LVT       2  0.6    30    14    2962    (-,-) 
  uut/inc_add_59_52_g347__8246/Y          -       B->Y   R     AND2X1LVT         2  1.4    11    25    2988    (-,-) 
  uut/inc_add_59_52_g345__1705/CO         -       B->CO  R     ADDHX1LVT         2  0.6     6    20    3007    (-,-) 
  uut/inc_add_59_52_g344__2802/Y          -       A->Y   R     AND2X1LVT         3  1.3    10    21    3029    (-,-) 
  uut/inc_add_59_52_g342__3680/Y          -       B->Y   F     NAND2X1LVT        3  1.4    20    15    3043    (-,-) 
  uut/inc_add_59_52_g340__5526/Y          -       B->Y   R     NOR2BX1LVT        2  0.6    14    14    3057    (-,-) 
  uut/inc_add_59_52_g338__4319/Y          -       B->Y   R     AND2XLLVT         3  1.1    13    21    3078    (-,-) 
  uut/inc_add_59_52_g336__5107/Y          -       B->Y   R     AND2XLLVT         2  1.2    14    21    3099    (-,-) 
  uut/inc_add_59_52_g334__5477/CO         -       B->CO  R     ADDHX1LVT         2  0.6     6    20    3119    (-,-) 
  uut/inc_add_59_52_g333__6417/Y          -       A->Y   R     AND2X1LVT         3  1.1     9    21    3140    (-,-) 
  uut/inc_add_59_52_g331__1666/Y          -       B->Y   F     NAND2X1LVT        3  1.4    21    14    3154    (-,-) 
  uut/inc_add_59_52_g329__2883/Y          -       B->Y   R     NOR2BX1LVT        2  0.8    16    15    3169    (-,-) 
  uut/inc_add_59_52_g327__9315/Y          -       B->Y   F     NAND2X1LVT        3  1.4    19    16    3185    (-,-) 
  uut/inc_add_59_52_g325__4733/Y          -       B->Y   R     NOR2BX1LVT        2  0.6    13    13    3198    (-,-) 
  uut/inc_add_59_52_g323__5115/Y          -       A->Y   R     AND2X1LVT         3  1.1     9    22    3220    (-,-) 
  uut/inc_add_59_52_g321__6131/Y          -       B->Y   F     NAND2X1LVT        3  1.2    16    13    3233    (-,-) 
  uut/inc_add_59_52_g319__8246/Y          -       AN->Y  F     NAND2BX1LVT       2  1.1    18    21    3254    (-,-) 
  uut/inc_add_59_52_g317__1705/Y          -       B->Y   R     NOR2BX1LVT        2  0.6    13    13    3267    (-,-) 
  uut/inc_add_59_52_g315__1617/Y          -       A->Y   R     AND2X1LVT         3  1.1     9    22    3289    (-,-) 
  uut/inc_add_59_52_g313__6783/Y          -       B->Y   F     NAND2X1LVT        3  1.4    18    14    3303    (-,-) 
  uut/inc_add_59_52_g311__8428/Y          -       B->Y   R     NOR2BX1LVT        2  0.8    15    14    3317    (-,-) 
  uut/inc_add_59_52_g309__6260/Y          -       B->Y   F     NAND2X1LVT        3  1.4    19    16    3333    (-,-) 
  uut/inc_add_59_52_g307__2398/Y          -       B->Y   R     NOR2X1LVT         3  1.6    24    19    3352    (-,-) 
  uut/addinc_ADD_UNS_OP_g548__6161/CO     -       CI->CO R     ADDFX1LVT         1  0.8     9    32    3383    (-,-) 
  uut/addinc_ADD_UNS_OP_g547__4733/CO     -       CI->CO R     ADDFX1LVT         1  0.8     9    29    3413    (-,-) 
  uut/addinc_ADD_UNS_OP_g546__7482/CO     -       CI->CO R     ADDFX1LVT         1  0.8     9    29    3442    (-,-) 
  uut/addinc_ADD_UNS_OP_g545__5115/CO     -       CI->CO R     ADDFX1LVT         1  0.8     9    29    3471    (-,-) 
  uut/addinc_ADD_UNS_OP_g544__1881/CO     -       CI->CO R     ADDFX1LVT         1  0.8     9    29    3501    (-,-) 
  uut/addinc_ADD_UNS_OP_g543__6131/CO     -       CI->CO R     ADDFX1LVT         1  0.8     9    29    3530    (-,-) 
  uut/addinc_ADD_UNS_OP_g542__7098/CO     -       CI->CO R     ADDFX1LVT         1  0.7     8    29    3559    (-,-) 
  uut/addinc_ADD_UNS_OP_g541__8246/Y      -       B->Y   F     XNOR2X1LVT        3  1.3    10    26    3585    (-,-) 
  uut/g16130__6161/Y                      -       S0->Y  F     MXI2XLLVT         1  0.5    18    17    3602    (-,-) 
  uut/g16128__7482/Y                      -       C0->Y  R     OAI221X1LVT       1  0.5    28    10    3612    (-,-) 
  uut/g16126__1881/Y                      -       D->Y   F     NOR4X1LVT         2  1.0    16    13    3625    (-,-) 
  uut/g16123__8246/Y                      -       B->Y   R     NOR2X1LVT        13  3.9    46    31    3657    (-,-) 
  uut/drc_bufs16145/Y                     -       A->Y   F     INVXLLVT          1  0.5    13    17    3673    (-,-) 
  uut/drc_bufs16144/Y                     -       A->Y   R     INVX1LVT         11  3.3    21    16    3690    (-,-) 
  uut/g16116__5526/Y                      -       A1->Y  R     AO22XLLVT         1  0.5     8    28    3718    (-,-) 
  RESULT_out_reg[2]/D                     <<<     -      R     DFFRHQX1LVT       1    -     -     0    3718    (-,-) 
#--------------------------------------------------------------------------------------------------------------------

