============================================================
  Generated by:           Genus(TM) Synthesis Solution 21.14-s082_1
  Generated on:           Mar 30 2026  01:15:27 am
  Module:                 fp_dual_path_wrapper
  Operating conditions:   PVT_1P1V_0C (balanced_tree)
  Wireload mode:          enclosed
  Area mode:              timing library
============================================================


Path 1: MET (1550 ps) Setup Check with Pin RESULT_out_reg[19]/CK->D
          Group: CLOCK
     Startpoint: (R) B_reg_reg[0]/CK
          Clock: (R) clock
       Endpoint: (R) RESULT_out_reg[19]/D
          Clock: (R) clock

                     Capture       Launch     
        Clock Edge:+    5000            0     
       Src Latency:+     250          250     
       Net Latency:+     250 (I)      250 (I) 
           Arrival:=    5500          500     
                                              
             Setup:-      14                  
       Uncertainty:-     100                  
     Required Time:=    5386                  
      Launch Clock:-     500                  
         Data Path:-    3336                  
             Slack:=    1550                  

#-------------------------------------------------------------------------------------------------------------------------------
#                    Timing Point                     Flags    Arc   Edge    Cell      Fanout Load Trans Delay Arrival Instance 
#                                                                                             (fF)  (ps)  (ps)   (ps)  Location 
#-------------------------------------------------------------------------------------------------------------------------------
  B_reg_reg[0]/CK                                     -       -      R     (arrival)       96    -    50     0     500    (-,-) 
  B_reg_reg[0]/Q                                      -       CK->Q  F     DFFRHQX1LVT      4  1.6    10    48     548    (-,-) 
  uut/gte_33_34_g765__6783/Y                          -       AN->Y  F     NOR2BX1LVT       2  0.6     8    16     564    (-,-) 
  uut/gte_33_34_g734__8428/Y                          -       B->Y   F     AND2XLLVT        1  0.3     4    12     576    (-,-) 
  uut/gte_33_34_g733__4319/Y                          -       A1->Y  R     OAI22XLLVT       1  0.5    29    17     592    (-,-) 
  uut/gte_33_34_g732__6260/Y                          -       A1->Y  F     AOI22X1LVT       1  0.5    24    22     614    (-,-) 
  uut/gte_33_34_g731__5107/Y                          -       A1->Y  R     OAI22X1LVT       1  0.5    26    20     634    (-,-) 
  uut/gte_33_34_g730__2398/Y                          -       A1->Y  F     AOI22X1LVT       1  0.5    23    21     655    (-,-) 
  uut/gte_33_34_g729__5477/Y                          -       A1->Y  R     OAI22X1LVT       1  0.5    26    19     674    (-,-) 
  uut/gte_33_34_g728__6417/Y                          -       A1->Y  F     AOI22X1LVT       1  0.5    23    21     695    (-,-) 
  uut/gte_33_34_g727__7410/Y                          -       A1->Y  R     OAI22X1LVT       1  0.5    26    19     715    (-,-) 
  uut/gte_33_34_g726__1666/Y                          -       A1->Y  F     AOI22X1LVT       1  0.5    23    21     736    (-,-) 
  uut/gte_33_34_g725__2346/Y                          -       A1->Y  R     OAI22X1LVT       1  0.5    26    19     755    (-,-) 
  uut/gte_33_34_g724__2883/Y                          -       A1->Y  F     AOI22X1LVT       1  0.5    23    21     776    (-,-) 
  uut/gte_33_34_g723__9945/Y                          -       A1->Y  R     OAI22X1LVT       1  0.5    26    19     796    (-,-) 
  uut/gte_33_34_g722__9315/Y                          -       A1->Y  F     AOI22X1LVT       1  0.5    23    21     817    (-,-) 
  uut/gte_33_34_g721__6161/Y                          -       A1->Y  R     OAI22X1LVT       1  0.5    26    19     836    (-,-) 
  uut/gte_33_34_g720__4733/Y                          -       A1->Y  F     AOI22X1LVT       1  0.5    23    21     857    (-,-) 
  uut/gte_33_34_g719__7482/Y                          -       A1->Y  R     OAI22X1LVT       1  0.5    26    19     877    (-,-) 
  uut/gte_33_34_g718__5115/Y                          -       A1->Y  F     AOI22X1LVT       1  0.5    23    21     898    (-,-) 
  uut/gte_33_34_g717__1881/Y                          -       A1->Y  R     OAI22X1LVT       1  0.5    26    19     917    (-,-) 
  uut/gte_33_34_g716__6131/Y                          -       A1->Y  F     AOI22X1LVT       1  0.5    23    21     938    (-,-) 
  uut/gte_33_34_g715__7098/Y                          -       A1->Y  R     OAI22X1LVT       1  0.5    26    19     958    (-,-) 
  uut/gte_33_34_g714__8246/Y                          -       A1->Y  F     AOI22X1LVT       1  0.5    23    21     979    (-,-) 
  uut/gte_33_34_g713__5122/Y                          -       A1->Y  R     OAI22X1LVT       1  0.3    24    18     997    (-,-) 
  uut/g13554/Y                                        -       A1->Y  R     AO22XLLVT        1  0.5     8    28    1025    (-,-) 
  uut/gte_33_34_g710__2802/Y                          -       A1->Y  F     AOI22X1LVT       1  0.5    20    16    1042    (-,-) 
  uut/gte_33_34_g709__1617/Y                          -       A1->Y  R     OAI22X1LVT       1  0.5    26    19    1060    (-,-) 
  uut/gte_33_34_g708__3680/Y                          -       A1->Y  F     AOI22X1LVT       1  0.5    23    21    1081    (-,-) 
  uut/gte_33_34_g707__6783/Y                          -       A1->Y  R     OAI22X1LVT       1  0.5    26    19    1101    (-,-) 
  uut/gte_33_34_g706__5526/Y                          -       A1->Y  F     AOI22X1LVT       1  0.5    23    21    1122    (-,-) 
  uut/gte_33_34_g705__8428/Y                          -       A1->Y  R     OAI22X1LVT       1  0.5    26    19    1141    (-,-) 
  uut/gte_33_34_g704__4319/Y                          -       A1->Y  F     AOI22X1LVT       1  0.5    23    21    1162    (-,-) 
  uut/gte_33_34_g703__6260/Y                          -       A1->Y  R     OAI22X1LVT      18 11.4   138    81    1244    (-,-) 
  uut/g13551/Y                                        -       S0->Y  F     MXI2XL           1  1.1    48    67    1311    (-,-) 
  uut/sub_41_29_g562__6260/CO                         -       A->CO  F     ADDFX1LVT        1  0.8    10    40    1351    (-,-) 
  uut/sub_41_29_g561__5107/CO                         -       CI->CO F     ADDFX1LVT        1  0.8    10    34    1385    (-,-) 
  uut/sub_41_29_g560__2398/CO                         -       CI->CO F     ADDFX1LVT        1  0.8    10    34    1419    (-,-) 
  uut/sub_41_29_g559__5477/CO                         -       CI->CO F     ADDFX1LVT        1  0.8    10    34    1453    (-,-) 
  uut/sub_41_29_g558__6417/CO                         -       CI->CO F     ADDFX1LVT        1  0.8    10    34    1487    (-,-) 
  uut/sub_41_29_g557__7410/CO                         -       CI->CO F     ADDFX1LVT        1  0.6     9    34    1521    (-,-) 
  uut/sub_41_29_g556__1666/Y                          -       B->Y   F     XOR2XLLVT        1  0.4     6    18    1539    (-,-) 
  uut/g13238__4733/Y                                  -       C->Y   R     NOR3X1LVT        3  1.5    33    21    1560    (-,-) 
  uut/g13215__6260/Y                                  -       B->Y   F     NAND2BX1LVT     10  5.0    54    38    1598    (-,-) 
  uut/drc_bufs13460/Y                                 -       A->Y   R     INVX1LVT        19 11.2    73    49    1648    (-,-) 
  uut/drc_bufs13459/Y                                 -       A->Y   F     INVX1LVT        11  5.6    42    34    1682    (-,-) 
  uut/g13206__7410/Y                                  -       D->Y   R     NOR4X1LVT        2  0.6    33    26    1708    (-,-) 
  uut/g13200__2883/Y                                  -       A1->Y  R     AO21X1LVT       15  7.3    44    47    1756    (-,-) 
  uut/drc_bufs13355/Y                                 -       A->Y   F     INVX1LVT         6  3.0    24    21    1777    (-,-) 
  uut/drc_bufs13354/Y                                 -       A->Y   R     INVX1LVT        14  7.0    44    30    1807    (-,-) 
  uut/g13166__1666/Y                                  -       C0->Y  F     AOI221X1LVT      2  0.6    33    16    1822    (-,-) 
  uut/g13122__1705/Y                                  -       A1->Y  R     AOI22XLLVT       2  1.1    37    30    1852    (-,-) 
  uut/g13098__5115/Y                                  -       B1->Y  F     OAI32X1LVT       1  0.3    27    23    1875    (-,-) 
  uut/g13089/Y                                        -       A->Y   R     INVXLLVT         2  0.6    11    13    1888    (-,-) 
  uut/g13053__6783/Y                                  -       A->Y   R     MX2XLLVT         2  0.9    11    25    1913    (-,-) 
  uut/g13019__5107/Y                                  -       A1->Y  F     OAI221X1LVT      1  0.6    32    25    1938    (-,-) 
  uut/sub_78_42_Y_sub_57_49_Y_add_58_49_g953__4319/Y  -       B->Y   F     XOR2XLLVT        1  1.1    11    24    1962    (-,-) 
  uut/sub_78_42_Y_sub_57_49_Y_add_58_49_g883__8428/CO -       A->CO  F     ADDFX1LVT        1  0.8    10    36    1998    (-,-) 
  uut/sub_78_42_Y_sub_57_49_Y_add_58_49_g882__4319/CO -       CI->CO F     ADDFX1LVT        1  0.8    10    34    2032    (-,-) 
  uut/sub_78_42_Y_sub_57_49_Y_add_58_49_g881__6260/CO -       CI->CO F     ADDFX1LVT        1  0.8    10    34    2066    (-,-) 
  uut/sub_78_42_Y_sub_57_49_Y_add_58_49_g880__5107/CO -       CI->CO F     ADDFX1LVT        1  0.8    10    34    2100    (-,-) 
  uut/sub_78_42_Y_sub_57_49_Y_add_58_49_g879__2398/CO -       CI->CO F     ADDFX1LVT        1  0.8    10    34    2134    (-,-) 
  uut/sub_78_42_Y_sub_57_49_Y_add_58_49_g878__5477/CO -       CI->CO F     ADDFX1LVT        1  0.8    10    34    2168    (-,-) 
  uut/sub_78_42_Y_sub_57_49_Y_add_58_49_g877__6417/CO -       CI->CO F     ADDFX1LVT        1  0.8    10    34    2202    (-,-) 
  uut/sub_78_42_Y_sub_57_49_Y_add_58_49_g876__7410/CO -       CI->CO F     ADDFX1LVT        1  0.8    10    34    2236    (-,-) 
  uut/sub_78_42_Y_sub_57_49_Y_add_58_49_g875__1666/CO -       CI->CO F     ADDFX1LVT        1  0.8    10    34    2271    (-,-) 
  uut/sub_78_42_Y_sub_57_49_Y_add_58_49_g874__2346/CO -       CI->CO F     ADDFX1LVT        1  0.8    10    34    2305    (-,-) 
  uut/sub_78_42_Y_sub_57_49_Y_add_58_49_g873__2883/CO -       CI->CO F     ADDFX1LVT        1  0.8    10    34    2339    (-,-) 
  uut/sub_78_42_Y_sub_57_49_Y_add_58_49_g872__9945/CO -       CI->CO F     ADDFX1LVT        1  0.8    10    34    2373    (-,-) 
  uut/sub_78_42_Y_sub_57_49_Y_add_58_49_g871__9315/CO -       CI->CO F     ADDFX1LVT        1  0.8    10    34    2407    (-,-) 
  uut/sub_78_42_Y_sub_57_49_Y_add_58_49_g870__6161/CO -       CI->CO F     ADDFX1LVT        1  0.8    10    34    2441    (-,-) 
  uut/sub_78_42_Y_sub_57_49_Y_add_58_49_g869__4733/CO -       CI->CO F     ADDFX1LVT        1  0.8    10    34    2475    (-,-) 
  uut/sub_78_42_Y_sub_57_49_Y_add_58_49_g868__7482/CO -       CI->CO F     ADDFX1LVT        1  0.8    10    34    2509    (-,-) 
  uut/sub_78_42_Y_sub_57_49_Y_add_58_49_g867__5115/CO -       CI->CO F     ADDFX1LVT        1  0.8    10    34    2543    (-,-) 
  uut/sub_78_42_Y_sub_57_49_Y_add_58_49_g866__1881/CO -       CI->CO F     ADDFX1LVT        1  0.8    10    34    2578    (-,-) 
  uut/sub_78_42_Y_sub_57_49_Y_add_58_49_g865__6131/CO -       CI->CO F     ADDFX1LVT        1  0.8    10    34    2612    (-,-) 
  uut/sub_78_42_Y_sub_57_49_Y_add_58_49_g864__7098/CO -       CI->CO F     ADDFX1LVT        1  0.8    10    34    2646    (-,-) 
  uut/sub_78_42_Y_sub_57_49_Y_add_58_49_g863__8246/CO -       CI->CO F     ADDFX1LVT        1  0.8    10    34    2680    (-,-) 
  uut/sub_78_42_Y_sub_57_49_Y_add_58_49_g862__5122/CO -       CI->CO F     ADDFX1LVT        1  0.8    10    34    2714    (-,-) 
  uut/sub_78_42_Y_sub_57_49_Y_add_58_49_g861__1705/CO -       CI->CO F     ADDFX1LVT        1  0.8    10    34    2748    (-,-) 
  uut/sub_78_42_Y_sub_57_49_Y_add_58_49_g860__2802/CO -       CI->CO F     ADDFX1LVT        1  0.8    10    34    2782    (-,-) 
  uut/sub_78_42_Y_sub_57_49_Y_add_58_49_g859__1617/CO -       CI->CO F     ADDFX1LVT        1  0.8    10    34    2816    (-,-) 
  uut/sub_78_42_Y_sub_57_49_Y_add_58_49_g858__3680/CO -       CI->CO F     ADDFX1LVT        1  0.6     9    34    2850    (-,-) 
  uut/sub_78_42_Y_sub_57_49_Y_add_58_49_g857__6783/Y  -       S0->Y  F     MX2XLLVT         4  1.3    13    24    2874    (-,-) 
  uut/g9582__7098/Y                                   -       C->Y   R     NOR3X1LVT       20  7.0   115    69    2943    (-,-) 
  uut/g9514__6161/Y                                   -       A1->Y  F     AOI222X1LVT      1  0.5    48    50    2993    (-,-) 
  uut/g9490__2346/Y                                   -       B->Y   R     NAND2X1LVT       2  0.6    14    16    3009    (-,-) 
  uut/inc_add_125_51_g357__2346/Y                     -       A->Y   R     AND2XLLVT        3  0.9    11    21    3030    (-,-) 
  uut/inc_add_125_51_g355__9945/Y                     -       A->Y   R     AND2X1LVT        2  1.4    11    22    3052    (-,-) 
  uut/inc_add_125_51_g353__6161/CO                    -       B->CO  R     ADDHX1LVT        2  0.6     6    20    3072    (-,-) 
  uut/inc_add_125_51_g352__4733/Y                     -       A->Y   R     AND2X1LVT        3  1.3    10    21    3093    (-,-) 
  uut/inc_add_125_51_g350__5115/Y                     -       B->Y   F     NAND2X1LVT       3  1.4    18    15    3108    (-,-) 
  uut/inc_add_125_51_g348__6131/Y                     -       B->Y   R     NOR2BX1LVT       2  0.6    13    13    3121    (-,-) 
  uut/inc_add_125_51_g346__8246/Y                     -       B->Y   R     AND2XLLVT        3  0.9    11    20    3140    (-,-) 
  uut/inc_add_125_51_g344__1705/Y                     -       A->Y   R     AND2X1LVT        2  1.4    11    22    3163    (-,-) 
  uut/inc_add_125_51_g342__1617/CO                    -       B->CO  R     ADDHX1LVT        2  0.6     6    20    3183    (-,-) 
  uut/inc_add_125_51_g341__3680/Y                     -       A->Y   R     AND2X1LVT        3  1.4    11    22    3204    (-,-) 
  uut/inc_add_125_51_g339__5526/Y                     -       B->Y   F     NAND2X1LVT       3  1.6    20    16    3220    (-,-) 
  uut/inc_add_125_51_g337__4319/Y                     -       B->Y   R     NOR2BX1LVT       2  1.1    18    16    3236    (-,-) 
  uut/inc_add_125_51_g335__5107/Y                     -       B->Y   F     NAND2X1LVT       3  1.6    21    18    3254    (-,-) 
  uut/inc_add_125_51_g333__5477/Y                     -       B->Y   R     NOR2BX1LVT       2  0.6    14    14    3268    (-,-) 
  uut/inc_add_125_51_g331__7410/Y                     -       A->Y   R     AND2X1LVT        3  1.4    11    23    3290    (-,-) 
  uut/inc_add_125_51_g329__2346/Y                     -       B->Y   F     NAND2X1LVT       3  1.4    18    15    3305    (-,-) 
  uut/inc_add_125_51_g327__9945/Y                     -       AN->Y  F     NAND2BX1LVT      2  1.1    16    22    3327    (-,-) 
  uut/inc_add_125_51_g325__6161/Y                     -       B->Y   R     NOR2BX1LVT       2  0.6    13    12    3339    (-,-) 
  uut/inc_add_125_51_g323__7482/Y                     -       A->Y   R     AND2X1LVT        3  1.4    11    22    3362    (-,-) 
  uut/inc_add_125_51_g321__1881/Y                     -       B->Y   F     NAND2X1LVT       3  1.6    20    16    3377    (-,-) 
  uut/inc_add_125_51_g319__7098/Y                     -       B->Y   R     NOR2BX1LVT       2  0.6    13    13    3391    (-,-) 
  uut/inc_add_125_51_g317__5122/Y                     -       A->Y   R     AND2X1LVT        3  1.4    11    23    3413    (-,-) 
  uut/inc_add_125_51_g315__2802/Y                     -       B->Y   F     NAND2X1LVT       2  1.0    15    13    3426    (-,-) 
  uut/g13564/Y                                        -       B0->Y  R     AOI21X1LVT       3  1.6    26    20    3446    (-,-) 
  uut/g10818__5115/CO                                 -       CI->CO R     ADDFX1LVT        1  0.8     9    32    3478    (-,-) 
  uut/g10817__1881/CO                                 -       CI->CO R     ADDFX1LVT        1  0.8     9    29    3507    (-,-) 
  uut/g10816__6131/CO                                 -       CI->CO R     ADDFX1LVT        1  0.8     9    29    3537    (-,-) 
  uut/g10815__7098/CO                                 -       CI->CO R     ADDFX1LVT        1  0.8     9    29    3566    (-,-) 
  uut/g10813__5122/CO                                 -       CI->CO R     ADDFX1LVT        1  0.8     9    29    3595    (-,-) 
  uut/g10812__1705/CO                                 -       CI->CO R     ADDFX1LVT        1  0.8     9    29    3624    (-,-) 
  uut/g10811__2802/CO                                 -       CI->CO R     ADDFX1LVT        1  0.7     8    29    3654    (-,-) 
  uut/g10810__1617/Y                                  -       B->Y   F     XNOR2X1LVT       2  0.6     6    24    3677    (-,-) 
  uut/g10809__3680/Y                                  -       B->Y   R     NAND2XLLVT       1  0.3     8     7    3684    (-,-) 
  uut/g10808__6783/Y                                  -       D->Y   R     OR4X1LVT         2  1.1     9    16    3700    (-,-) 
  uut/g10807__5526/Y                                  -       B->Y   F     NAND2BX1LVT      5  2.1    24    18    3718    (-,-) 
  uut/g10805__8428/Y                                  -       B->Y   R     NOR2X1LVT       13  5.3    62    41    3759    (-,-) 
  uut/drc_bufs10910/Y                                 -       A->Y   F     INVXLLVT         1  0.5    16    21    3780    (-,-) 
  uut/drc_bufs10909/Y                                 -       A->Y   R     INVX1LVT        11  4.9    31    22    3802    (-,-) 
  uut/g13566/Y                                        -       C0->Y  F     OAI211X1LVT      1  0.3    22    23    3824    (-,-) 
  uut/g10769__6417/Y                                  -       B->Y   R     NAND2XLLVT       1  0.5    13    12    3836    (-,-) 
  RESULT_out_reg[19]/D                                <<<     -      R     DFFRHQX1LVT      1    -     -     0    3836    (-,-) 
#-------------------------------------------------------------------------------------------------------------------------------

